RC_1.0 {
global:
	rc_config_list;
	rc_config_load;
	rc_config_value;
	rc_deptree_depends;
	rc_deptree_free;
	rc_deptree_load;
	rc_deptree_order_services;
	rc_deptree_update;
	rc_deptree_update_needed;
	rc_env_bool;
	rc_env_config;
	rc_env_filter;
	rc_environ_fd;
	rc_find_pids;
	rc_runlevel_exists;
	rc_runlevel_get;
	rc_runlevel_list;
	rc_runlevel_set;
	rc_runlevel_starting;
	rc_runlevel_stopping;
	rc_service_add;
	rc_service_daemons_crashed;
	rc_service_daemon_set;
	rc_service_delete;
	rc_service_description;
	rc_service_exists;
	rc_service_in_runlevel;
	rc_service_mark;
	rc_service_options;
	rc_service_plugable;
	rc_service_resolve;
	rc_service_schedule_clear;
	rc_service_schedule_start;
	rc_service_start;
	rc_service_stop;
	rc_service_wait;
	rc_services_in_runlevel;
	rc_services_in_state;
	rc_services_scheduled;
	rc_services_scheduled_by;
	rc_service_started_daemon;
	rc_service_state;
	rc_service_value_get;
	rc_service_value_set;
	rc_strcatpaths;
	rc_strlist_add;
	rc_strlist_addu;
	rc_strlist_addsort;
	rc_strlist_addsortc;
	rc_strlist_addsortu;
	rc_strlist_delete;
	rc_strlist_free;
	rc_strlist_join;
	rc_strlist_reverse;
	rc_waitpid;

local:
	*;
};
